Archive Project report for Lab1Demo
Mon May 13 00:02:19 2019
Quartus Prime Version 17.0.0 Build 595 04/25/2017 SJ Standard Edition


---------------------
; Table of Contents ;
---------------------
  1. Legal Notice
  2. Archive Project Summary
  3. Archive Project Messages
  4. Files Archived



----------------
; Legal Notice ;
----------------
Copyright (C) 2017  Intel Corporation. All rights reserved.
Your use of Intel Corporation's design tools, logic functions 
and other software and tools, and its AMPP partner logic 
functions, and any output files from any of the foregoing 
(including device programming or simulation files), and any 
associated documentation or information are expressly subject 
to the terms and conditions of the Intel Program License 
Subscription Agreement, the Intel Quartus Prime License Agreement,
the Intel MegaCore Function License Agreement, or other 
applicable license agreement, including, without limitation, 
that your use is for the sole purpose of programming logic 
devices manufactured by Intel and sold by Intel or its 
authorized distributors.  Please refer to the applicable 
agreement for further details.



+----------------------------------------------------------------+
; Archive Project Summary                                        ;
+------------------------+---------------------------------------+
; Archive Project Status ; Successful - Mon May 13 00:02:19 2019 ;
; Revision Name          ; Lab1Demo                              ;
; Top-level Entity Name  ; TOP_VGA_DEMO_WITH_MSS_ALL             ;
; Family                 ; Cyclone V                             ;
+------------------------+---------------------------------------+


+--------------------------+
; Archive Project Messages ;
+--------------------------+
Info: File Set 'Source control' contains:
    Info: Project source and settings files
    Info: Automatically detected source files
Info: Archive will store files relative to the closest common parent directory
Info (13213): Using common directory Z:/BubbleTrouble/OurProject/
Info: ----------------------------------------------------------
Info: ----------------------------------------------------------
Info: Generated archive 'Z:/BubbleTrouble/OurProject/BubbleTroubleFinal.qar'
Info: ----------------------------------------------------------
Info: ----------------------------------------------------------
Info: Generated report 'Lab1Demo.archive.rpt'
Info (23030): Evaluation of Tcl script c:/intelfpga/17.0/quartus/common/tcl/apps/qpm/qar.tcl was successful
Info: Quartus Prime Shell was successful. 0 errors, 0 warnings
    Info: Peak virtual memory: 683 megabytes
    Info: Processing ended: Mon May 13 00:02:19 2019
    Info: Elapsed time: 00:00:23
    Info: Total CPU time (on all processors): 00:00:05


+-------------------------------------------------------+
; Files Archived                                        ;
+-------------------------------------------------------+
; File Name                                             ;
+-------------------------------------------------------+
; assignment_defaults.qdf                               ;
; Background/background.sv                              ;
; Background/bubbleTitle.sv                             ;
; Background/gameOver.sv                                ;
; Background/level.sv                                   ;
; Background/life.sv                                    ;
; Background/pressSpace.sv                              ;
; Background/score.sv                                   ;
; Background/title.sv                                   ;
; backgroundDraw.sv                                     ;
; backgrounds_TOP.bdf                                   ;
; Ball/ballController.sv                                ;
; Ball/ballMove.sv                                      ;
; Ball/bigBallBitMap.sv                                 ;
; Ball/hugeBallBitMap.sv                                ;
; Ball/mediumBallBitMap.sv                              ;
; Ball/smallBallBitMap.sv                               ;
; bgController.sv                                       ;
; blinkClk.sv                                           ;
; collisionDetector.sv                                  ;
; db/stp2_auto_stripped.stp                             ;
; DE10_Standard_Audio.sdc                               ;
; displayMux.sv                                         ;
; freqDev.sv                                            ;
; gameController/gameControllerTop.bdf                  ;
; gameController/levelStateMachine.sv                   ;
; gameoverBackground.sv                                 ;
; gameStateMachine.sv                                   ;
; Huge_Ball_TOP/ballMux.sv                              ;
; Huge_Ball_TOP/balls_TOP.bdf                           ;
; Huge_Ball_TOP/Big_Ball_TOP.bdf                        ;
; Huge_Ball_TOP/Huge_Ball_TOP.bdf                       ;
; Huge_Ball_TOP/hugeBallCollisionDetector.sv            ;
; Huge_Ball_TOP/initialStatesMux.sv                     ;
; Huge_Ball_TOP/Medium_Ball_TOP.bdf                     ;
; Huge_Ball_TOP/Small_Ball_TOP.bdf                      ;
; Huge_Ball_TOP/speedCalc.sv                            ;
; Lab1Demo.qsf                                          ;
; leftArrowConst.bsf                                    ;
; leftArrowConst.qip                                    ;
; leftArrowConst.v                                      ;
; leftArrowConst_bb.v                                   ;
; output_files/stp2.stp                                 ;
; pin.tcl                                               ;
; Player/playerBitMap.sv                                ;
; Player/playerMove.sv                                  ;
; playmodeBackground.sv                                 ;
; Presents/chance.sv                                    ;
; Presents/present_top.bdf                              ;
; Presents/presentBitMap.sv                             ;
; Presents/presentMove.sv                               ;
; Presents/presentMux.sv                                ;
; Presents/Presents_TOP.bdf                             ;
; Presents/presentsCollisionDetector.sv                 ;
; Presents/presentsController.sv                        ;
; Presents/randomLocation.sv                            ;
; Presents/randomPresent.sv                             ;
; projectTop.qpf                                        ;
; rightArrowConst.bsf                                   ;
; rightArrowConst.qip                                   ;
; rightArrowConst.v                                     ;
; rightArrowConst_bb.v                                  ;
; risingEdge.sv                                         ;
; risingEdge15.sv                                       ;
; Rope/ropeBitMap.sv                                    ;
; Rope/ropeMove.sv                                      ;
; Rope/squareRope.sv                                    ;
; RTL/audio_codec_controller/audio_codec_controller.qxp ;
; RTL/KEYBOARD/bitrec.sv                                ;
; RTL/KEYBOARD/byterec.sv                               ;
; RTL/KEYBOARD/keyToggle_decoderIn.sv                   ;
; RTL/KEYBOARD/lpf.sv                                   ;
; RTL/KEYBOARD/random.sv                                ;
; RTL/KEYBOARD/TOP_KBD_DEMOALL.bdf                      ;
; RTL/KEYBOARD/TOP_KBDINTF.bdf                          ;
; RTL/MSS/addr_counter.sv                               ;
; RTL/MSS/data_conversion.sv                            ;
; RTL/MSS/prescaler.sv                                  ;
; RTL/MSS/SinTable.sv                                   ;
; RTL/MSS/ToneDecoder.sv                                ;
; RTL/MSS/TOP_MSS_DEMO.bdf                              ;
; RTL/Seg7/7SEGTOP.bdf                                  ;
; RTL/Seg7/hexSS.sv                                     ;
; RTL/VGA/back_ground_drawSquare.sv                     ;
; RTL/VGA/objects_mux.sv                                ;
; RTL/VGA/smileyBitMap.sv                               ;
; RTL/VGA/smileyface_move.sv                            ;
; RTL/VGA/square_object.sv                              ;
; RTL/VGA/TOP_VGA_DEMO_WITH_MSS_ALL.bdf                 ;
; RTL/VGA/VGA_Controller.sv                             ;
; secClk.sv                                             ;
; sound/soundController.sv                              ;
; soundSystem.bdf                                       ;
; spaceBarConst.bsf                                     ;
; spaceBarConst.qip                                     ;
; spaceBarConst.v                                       ;
; spaceBarConst_bb.v                                    ;
; sSegController.sv                                     ;
; test.bsf                                              ;
; test.qip                                              ;
; test.v                                                ;
; test2.bsf                                             ;
; test2.qip                                             ;
; test2.v                                               ;
; test2_bb.v                                            ;
; test3.bsf                                             ;
; test3.qip                                             ;
; test3.v                                               ;
; test3_bb.v                                            ;
; test4.bsf                                             ;
; test4.qip                                             ;
; test4.v                                               ;
; test4_bb.v                                            ;
; test5.bsf                                             ;
; test5.qip                                             ;
; test5.v                                               ;
; test5_bb.v                                            ;
; test_bb.v                                             ;
; Waveform.vwf                                          ;
; welcomeBackground.sv                                  ;
; Xspeed_const.bsf                                      ;
; Xspeed_const.qip                                      ;
; Xspeed_const.v                                        ;
; Xspeed_const_bb.v                                     ;
; Yspeed_const.bsf                                      ;
; Yspeed_const.qip                                      ;
; Yspeed_const.v                                        ;
; Yspeed_const_bb.v                                     ;
; zeroConst.bsf                                         ;
; zeroConst.qip                                         ;
; zeroConst.v                                           ;
; zeroConst16.bsf                                       ;
; zeroConst16.qip                                       ;
; zeroConst16.v                                         ;
; zeroConst16_bb.v                                      ;
; zeroConst_bb.v                                        ;
+-------------------------------------------------------+


